#
# There is insufficient memory for the Java Runtime Environment to continue.
# Native memory allocation (mmap) failed to map 266338304 bytes. Error detail: G1 virtual space
# Possible reasons:
#   The system is out of physical RAM or swap space
#   This process is running with CompressedOops enabled, and the Java Heap may be blocking the growth of the native heap
# Possible solutions:
#   Reduce memory load on the system
#   Increase physical memory or swap space
#   Check if swap backing store is full
#   Decrease Java heap size (-Xmx/-Xms)
#   Decrease number of Java threads
#   Decrease Java thread stack sizes (-Xss)
#   Set larger code cache with -XX:ReservedCodeCacheSize=
#   JVM is running with Zero Based Compressed Oops mode in which the Java heap is
#     placed in the first 32GB address space. The Java Heap base address is the
#     maximum limit for the native heap growth. Please use -XX:HeapBaseMinAddress
#     to set the Java Heap base and to place the Java Heap above 32GB virtual address.
# This output file may be truncated or incomplete.
#
#  Out of Memory Error (os_windows.cpp:3898), pid=9572, tid=12672
#
# JRE version:  (21.0.7) (build )
# Java VM: OpenJDK 64-Bit Server VM (21.0.7+-13880790-b1038.58, mixed mode, sharing, tiered, compressed oops, compressed class ptrs, g1 gc, windows-amd64)
# No core dump will be written. Minidumps are not enabled by default on client versions of Windows
#

---------------  S U M M A R Y ------------

Command Line: git4idea.http.GitAskPassApp Username for 'https://github.com': 

Host: Intel(R) Core(TM) i7-8650U CPU @ 1.90GHz, 8 cores, 15G,  Windows 10 , 64 bit Build 19041 (10.0.19041.5915)
Time: Fri Nov 28 01:35:02 2025 Bangladesh Standard Time elapsed time: 0.019660 seconds (0d 0h 0m 0s)

---------------  T H R E A D  ---------------

Current thread (0x000002b76a332f10):  JavaThread "Unknown thread" [_thread_in_vm, id=12672, stack(0x000000ca38000000,0x000000ca38100000) (1024K)]

Stack: [0x000000ca38000000,0x000000ca38100000]
Native frames: (J=compiled Java code, j=interpreted, Vv=VM code, C=native code)
V  [jvm.dll+0x6d25c9]
V  [jvm.dll+0x860923]
V  [jvm.dll+0x862e7e]
V  [jvm.dll+0x863563]
V  [jvm.dll+0x27f156]
V  [jvm.dll+0x6ceee5]
V  [jvm.dll+0x6c29aa]
V  [jvm.dll+0x355ebb]
V  [jvm.dll+0x35db16]
V  [jvm.dll+0x3afb16]
V  [jvm.dll+0x3afde8]
V  [jvm.dll+0x32855c]
V  [jvm.dll+0x32924b]
V  [jvm.dll+0x828379]
V  [jvm.dll+0x3bcce8]
V  [jvm.dll+0x811628]
V  [jvm.dll+0x45121e]
V  [jvm.dll+0x452981]
C  [jli.dll+0x52ab]
C  [ucrtbase.dll+0x21bb2]
C  [KERNEL32.DLL+0x17374]
C  [ntdll.dll+0x4cc91]


---------------  P R O C E S S  ---------------

Threads class SMR info:
_java_thread_list=0x00007ff8b8184888, length=0, elements={
}

Java Threads: ( => current thread )
Total: 0

Other Threads:
  0x000002b76a390450 WorkerThread "GC Thread#0"                     [id=6668, stack(0x000000ca38100000,0x000000ca38200000) (1024K)]
  0x000002b76a3a11b0 ConcurrentGCThread "G1 Main Marker"            [id=18872, stack(0x000000ca38200000,0x000000ca38300000) (1024K)]
  0x000002b76a3a2e30 WorkerThread "G1 Conc#0"                       [id=13292, stack(0x000000ca38300000,0x000000ca38400000) (1024K)]

[error occurred during error reporting (printing all threads), id 0xc0000005, EXCEPTION_ACCESS_VIOLATION (0xc0000005) at pc=0x00007ff8b797b5b7]
VM state: not at safepoint (not fully initialized)

VM Mutex/Monitor currently owned by a thread:  ([mutex/lock_event])
[0x00007ff8b81f1568] Heap_lock - owner thread: 0x000002b76a332f10

Heap address: 0x0000000702800000, size: 4056 MB, Compressed Oops mode: Zero based, Oop shift amount: 3

CDS archive(s) mapped at: [0x0000000000000000-0x0000000000000000-0x0000000000000000), size 0, SharedBaseAddress: 0x0000000800000000, ArchiveRelocationMode: 1.
Narrow klass base: 0x0000000000000000, Narrow klass shift: 0, Narrow klass range: 0x0

GC Precious Log:
 CardTable entry size: 512
 Card Set container configuration: InlinePtr #cards 4 size 8 Array Of Cards #cards 16 size 48 Howl #buckets 8 coarsen threshold 3686 Howl Bitmap #cards 512 size 80 coarsen threshold 460 Card regions per heap region 1 cards per card region 4096

Heap:
 garbage-first heap   total 0K, used 0K [0x0000000702800000, 0x0000000800000000)
  region size 2048K, 0 young (0K), 0 survivors (0K)
 Metaspace       used 0K, committed 0K, reserved 0K
  class space    used 0K, committed 0K, reserved 0K

Heap Regions: E=young(eden), S=young(survivor), O=old, HS=humongous(starts), HC=humongous(continues), CS=collection set, F=free, TAMS=top-at-mark-start, PB=parsable bottom

Card table byte_map: [0x000002b77cfc0000,0x000002b77d7b0000] _byte_map_base: 0x000002b7797ac000

Marking Bits: (CMBitMap*) 0x000002b76a390b50
 Bits: [0x000002b700000000, 0x000002b703f60000)

GC Heap History (0 events):
No events

Dll operation events (1 events):
Event: 0.011 Loaded shared library C:\Program Files\Android\Android Studio\jbr\bin\java.dll

Deoptimization events (0 events):
No events

Classes loaded (0 events):
No events

Classes unloaded (0 events):
No events

Classes redefined (0 events):
No events

Internal exceptions (0 events):
No events

ZGC Phase Switch (0 events):
No events

VM Operations (0 events):
No events

Memory protections (0 events):
No events

Nmethod flushes (0 events):
No events

Events (0 events):
No events


Dynamic libraries:
0x00007ff7debd0000 - 0x00007ff7debda000 	C:\Program Files\Android\Android Studio\jbr\bin\java.exe
0x00007ff91b970000 - 0x00007ff91bb68000 	C:\Windows\SYSTEM32\ntdll.dll
0x00007ff91a8f0000 - 0x00007ff91a9b2000 	C:\Windows\System32\KERNEL32.DLL
0x00007ff919470000 - 0x00007ff919766000 	C:\Windows\System32\KERNELBASE.dll
0x00007ff919770000 - 0x00007ff919870000 	C:\Windows\System32\ucrtbase.dll
0x00007ff9152e0000 - 0x00007ff9152fb000 	C:\Program Files\Android\Android Studio\jbr\bin\VCRUNTIME140.dll
0x00007ff913250000 - 0x00007ff913268000 	C:\Program Files\Android\Android Studio\jbr\bin\jli.dll
0x00007ff919ba0000 - 0x00007ff919d41000 	C:\Windows\System32\USER32.dll
0x00007ff90e780000 - 0x00007ff90ea1b000 	C:\Windows\WinSxS\amd64_microsoft.windows.common-controls_6595b64144ccf1df_6.0.19041.6456_none_60b8a6cb71f64256\COMCTL32.dll
0x00007ff919390000 - 0x00007ff9193b2000 	C:\Windows\System32\win32u.dll
0x00007ff91a840000 - 0x00007ff91a8de000 	C:\Windows\System32\msvcrt.dll
0x00007ff91a760000 - 0x00007ff91a78b000 	C:\Windows\System32\GDI32.dll
0x00007ff919270000 - 0x00007ff919389000 	C:\Windows\System32\gdi32full.dll
0x00007ff919870000 - 0x00007ff91990d000 	C:\Windows\System32\msvcp_win.dll
0x00007ff919af0000 - 0x00007ff919b1f000 	C:\Windows\System32\IMM32.DLL
0x00007ff915010000 - 0x00007ff91501c000 	C:\Program Files\Android\Android Studio\jbr\bin\vcruntime140_1.dll
0x00007ff9057e0000 - 0x00007ff90586d000 	C:\Program Files\Android\Android Studio\jbr\bin\msvcp140.dll
0x00007ff8b7640000 - 0x00007ff8b82ce000 	C:\Program Files\Android\Android Studio\jbr\bin\server\jvm.dll
0x00007ff91a9c0000 - 0x00007ff91aa71000 	C:\Windows\System32\ADVAPI32.dll
0x00007ff919a40000 - 0x00007ff919adf000 	C:\Windows\System32\sechost.dll
0x00007ff91a640000 - 0x00007ff91a760000 	C:\Windows\System32\RPCRT4.dll
0x00007ff919910000 - 0x00007ff919937000 	C:\Windows\System32\bcrypt.dll
0x00007ff91a570000 - 0x00007ff91a5db000 	C:\Windows\System32\WS2_32.dll
0x00007ff918590000 - 0x00007ff9185db000 	C:\Windows\SYSTEM32\POWRPROF.dll
0x00007ff913f80000 - 0x00007ff913f8a000 	C:\Windows\SYSTEM32\VERSION.dll
0x00007ff90e530000 - 0x00007ff90e557000 	C:\Windows\SYSTEM32\WINMM.dll
0x00007ff918400000 - 0x00007ff918412000 	C:\Windows\SYSTEM32\UMPDC.dll
0x00007ff917810000 - 0x00007ff917822000 	C:\Windows\SYSTEM32\kernel.appcore.dll
0x00007ff915000000 - 0x00007ff91500a000 	C:\Program Files\Android\Android Studio\jbr\bin\jimage.dll
0x00007ff916d50000 - 0x00007ff916f51000 	C:\Windows\SYSTEM32\DBGHELP.DLL
0x00007ff911180000 - 0x00007ff9111b4000 	C:\Windows\SYSTEM32\dbgcore.DLL
0x00007ff919000000 - 0x00007ff919082000 	C:\Windows\System32\bcryptPrimitives.dll
0x00007ff914fe0000 - 0x00007ff915000000 	C:\Program Files\Android\Android Studio\jbr\bin\java.dll

dbghelp: loaded successfully - version: 4.0.5 - missing functions: none
symbol engine: initialized successfully - sym options: 0x614 - pdb path: .;C:\Program Files\Android\Android Studio\jbr\bin;C:\Windows\SYSTEM32;C:\Windows\WinSxS\amd64_microsoft.windows.common-controls_6595b64144ccf1df_6.0.19041.6456_none_60b8a6cb71f64256;C:\Program Files\Android\Android Studio\jbr\bin\server

VM Arguments:
java_command: git4idea.http.GitAskPassApp Username for 'https://github.com': 
java_class_path (initial): C:/Program Files/Android/Android Studio/plugins/vcs-git/lib/git4idea-rt.jar;C:/Program Files/Android/Android Studio/lib/externalProcess-rt.jar
Launcher Type: SUN_STANDARD

[Global flags]
     intx CICompilerCount                          = 4                                         {product} {ergonomic}
     uint ConcGCThreads                            = 2                                         {product} {ergonomic}
     uint G1ConcRefinementThreads                  = 8                                         {product} {ergonomic}
   size_t G1HeapRegionSize                         = 2097152                                   {product} {ergonomic}
    uintx GCDrainStackTargetSize                   = 64                                        {product} {ergonomic}
   size_t InitialHeapSize                          = 266338304                                 {product} {ergonomic}
   size_t MarkStackSize                            = 4194304                                   {product} {ergonomic}
   size_t MaxHeapSize                              = 4253024256                                {product} {ergonomic}
   size_t MinHeapDeltaBytes                        = 2097152                                   {product} {ergonomic}
   size_t MinHeapSize                              = 8388608                                   {product} {ergonomic}
    uintx NonNMethodCodeHeapSize                   = 5839372                                {pd product} {ergonomic}
    uintx NonProfiledCodeHeapSize                  = 122909434                              {pd product} {ergonomic}
    uintx ProfiledCodeHeapSize                     = 122909434                              {pd product} {ergonomic}
    uintx ReservedCodeCacheSize                    = 251658240                              {pd product} {ergonomic}
     bool SegmentedCodeCache                       = true                                      {product} {ergonomic}
   size_t SoftMaxHeapSize                          = 4253024256                             {manageable} {ergonomic}
     bool UseCompressedOops                        = true                           {product lp64_product} {ergonomic}
     bool UseG1GC                                  = true                                      {product} {ergonomic}
     bool UseLargePagesIndividualAllocation        = false                                  {pd product} {ergonomic}

Logging:
Log output configuration:
 #0: stdout all=warning uptime,level,tags foldmultilines=false
 #1: stderr all=off uptime,level,tags foldmultilines=false

Environment Variables:
JAVA_HOME=C:\Program Files\Java\jdk-21
PATH=C:\Program Files\Git\mingw64\libexec\git-core;C:\Program Files\Git\mingw64\libexec\git-core;C:\Program Files\Git\mingw64\bin;C:\Program Files\Git\usr\bin;C:\Users\User\bin;C:\Python314\Scripts;C:\Python314;C:\Program Files\Common Files\Oracle\Java\javapath;C:\Program Files\Python311\Scripts;C:\Program Files\Python311;C:\Windows\system32;C:\Windows;C:\Windows\System32\Wbem;C:\Windows\System32\WindowsPowerShell\v1.0;C:\Windows\System32\OpenSSH;C:\Program Files\Intel\WiFi\bin;C:\Program Files\Common Files\Intel\WirelessCommon;C:\Program Files\Git\cmd;C:\Program Files\dotnet;C:\MinGw\mingw64\bin;C:\Program Files\nodejs;C:\ProgramData\chocolatey\bin;C:\Users\User\Anaconda;C:\Users\User\Anaconda\Library\mingw-w64\bin;C:\Users\User\Anaconda\Library\usr\bin;C:\Users\User\Anaconda\Library\bin;C:\Users\User\Anaconda\Scripts;C:\Users\User\AppData\Local\Programs\Python\Python312\Scripts;C:\Users\User\AppData\Local\Programs\Python\Python312;C:\Users\User\AppData\Local\Microsoft\WindowsApps;C:\Program Files\JetBrains\PyCharm Community Edition 2023.2\bin;C:\Users\User\AppData\Local\Programs\Microsoft VS Code\bin;C:\MinGW\bin;C:\MinGW\bin;C:\Users\User\AppData\Roaming\npm
USERNAME=User
DISPLAY=:0.0
LC_ALL=en_US.UTF-8
TERM=xterm-256color
TMPDIR=C:\Users\User\AppData\Local\Temp
OS=Windows_NT
PROCESSOR_IDENTIFIER=Intel64 Family 6 Model 142 Stepping 10, GenuineIntel
TMP=C:\Users\User\AppData\Local\Temp
TEMP=C:\Users\User\AppData\Local\Temp




Periodic native trim disabled

JNI global refs:
JNI global refs: 0, weak refs: 0

JNI global refs memory usage: 0, weak refs: 0

Process memory usage:
Resident Set Size: 11312K (0% of 16607560K total physical memory with 825188K free physical memory)

OOME stack traces (most recent first):
Classloader memory used:

---------------  S Y S T E M  ---------------

OS:
 Windows 10 , 64 bit Build 19041 (10.0.19041.5915)
OS uptime: 19 days 15:22 hours

CPU: total 8 (initial active 8) (4 cores per cpu, 2 threads per core) family 6 model 142 stepping 10 microcode 0xf6, cx8, cmov, fxsr, ht, mmx, 3dnowpref, sse, sse2, sse3, ssse3, sse4.1, sse4.2, popcnt, lzcnt, tsc, tscinvbit, avx, avx2, aes, erms, clmul, bmi1, bmi2, rtm, adx, fma, vzeroupper, clflush, clflushopt, rdtscp, f16c
Processor Information for processor 0
  Max Mhz: 2112, Current Mhz: 1408, Mhz Limit: 1900
Processor Information for processor 1
  Max Mhz: 2112, Current Mhz: 1408, Mhz Limit: 1900
Processor Information for processor 2
  Max Mhz: 2112, Current Mhz: 1408, Mhz Limit: 1900
Processor Information for processor 3
  Max Mhz: 2112, Current Mhz: 1508, Mhz Limit: 1900
Processor Information for processor 4
  Max Mhz: 2112, Current Mhz: 1408, Mhz Limit: 1900
Processor Information for processor 5
  Max Mhz: 2112, Current Mhz: 1408, Mhz Limit: 1900
Processor Information for processor 6
  Max Mhz: 2112, Current Mhz: 1508, Mhz Limit: 1900
Processor Information for processor 7
  Max Mhz: 2112, Current Mhz: 1408, Mhz Limit: 1900

Memory: 4k page, system-wide physical 16218M (805M free)
TotalPageFile size 18266M (AvailPageFile size 61M)
current process WorkingSet (physical memory assigned to process): 11M, peak: 11M
current process commit charge ("private bytes"): 60M, peak: 314M

vm_info: OpenJDK 64-Bit Server VM (21.0.7+-13880790-b1038.58) for windows-amd64 JRE (21.0.7+-13880790-b1038.58), built on 2025-08-04T20:56:21Z by "builder" with MS VC++ 16.10 / 16.11 (VS2019)

END.
